Starting [TestKillMultiplePlaces]   maxIterations=64 killPeriod=100 killedPercentage=0.5 enableConflict=true
Killing Place(5)
Killing Place(23)
Killing Place(11)
Killing Place(28)
Killing Place(26)
Killing Place(7)
Killing Place(1)
Killing Place(2)
AverageTime: 1179.0,720.0,776.0,739.0,980.0,630.0,905.0,795.0,759.0,875.0,774.0,698.0,781.0,574.0,804.0,722.0,884.0,1049.0,777.0,794.0,744.0,608.0,655.0,1026.0,690.0,1094.0,1079.0,801.0,730.0,801.0,605.0,840.0,493.0,455.0,554.0,677.0,577.0,601.0,537.0,605.0,597.0,488.0,588.0,730.0,547.0,505.0,563.0,455.0,538.0,559.0,446.0,513.0,534.0,492.0,451.0,496.0,601.0,484.0,430.0,563.0,442.0,430.0,442.0,425.0,
Place Kill Iter: 5:5;23:10;11:15;28:30;26:40;7:25;1:20;2:35;
Elapsed Time (ms):60798
++++++ Test succeeded.
Starting [TestKillMultiplePlaces]   maxIterations=64 killPeriod=100 killedPercentage=0.5 enableConflict=true
Killing Place(5)
Killing Place(23)
Killing Place(28)
Killing Place(11)
Killing Place(1)
Killing Place(26)
Killing Place(7)
Killing Place(2)
AverageTime: 853.0,1001.0,908.0,1262.0,1008.0,924.0,811.0,746.0,1089.0,601.0,768.0,835.0,1038.0,788.0,988.0,615.0,611.0,504.0,912.0,832.0,794.0,776.0,919.0,873.0,612.0,504.0,727.0,579.0,749.0,638.0,608.0,720.0,616.0,820.0,593.0,617.0,701.0,488.0,645.0,537.0,609.0,576.0,734.0,584.0,605.0,638.0,555.0,459.0,597.0,530.0,513.0,488.0,534.0,488.0,451.0,484.0,405.0,538.0,480.0,450.0,501.0,488.0,467.0,434.0,
Place Kill Iter: 5:5;23:10;28:30;11:15;1:20;26:40;7:25;2:35;
Elapsed Time (ms):61601
++++++ Test succeeded.
Starting [TestKillMultiplePlaces]   maxIterations=64 killPeriod=100 killedPercentage=0.5 enableConflict=true
Killing Place(23)
Killing Place(5)
Killing Place(28)
Killing Place(11)
Killing Place(7)
Killing Place(26)
Starting [TestKillMultiplePlaces]   maxIterations=64 killPeriod=100 killedPercentage=0.5 enableConflict=true
Killing Place(23)
Killing Place(5)
Killing Place(28)
Killing Place(11)
Killing Place(26)
Place(16) [MigrationHandler] Invalid migration handler exception[null]
Starting [TestKillMultiplePlaces]   maxIterations=64 killPeriod=100 killedPercentage=0.5 enableConflict=true
Killing Place(23)
Killing Place(5)
Killing Place(11)
Killing Place(28)
Killing Place(26)
Killing Place(7)
Killing Place(1)
Killing Place(2)
AverageTime: 817.0,864.0,1183.0,1039.0,764.0,779.0,1060.0,1215.0,814.0,847.0,694.0,784.0,1015.0,1055.0,915.0,691.0,597.0,766.0,1102.0,908.0,955.0,708.0,765.0,919.0,733.0,1194.0,575.0,749.0,582.0,957.0,659.0,712.0,566.0,685.0,624.0,653.0,589.0,653.0,529.0,697.0,751.0,534.0,505.0,467.0,480.0,605.0,668.0,601.0,496.0,497.0,542.0,488.0,526.0,463.0,492.0,446.0,438.0,497.0,455.0,505.0,455.0,471.0,417.0,421.0,
Place Kill Iter: 23:10;5:5;11:15;28:30;26:40;7:25;1:20;2:35;
Elapsed Time (ms):59517
++++++ Test succeeded.
Starting [TestKillMultiplePlaces]   maxIterations=64 killPeriod=100 killedPercentage=0.5 enableConflict=true
Killing Place(23)
Killing Place(5)
Killing Place(11)
Killing Place(28)
Killing Place(26)
Killing Place(1)
Killing Place(7)
Killing Place(2)
AverageTime: 1279.0,814.0,551.0,1077.0,710.0,866.0,1337.0,791.0,610.0,811.0,778.0,734.0,838.0,798.0,744.0,798.0,1019.0,701.0,556.0,787.0,798.0,990.0,619.0,747.0,783.0,738.0,905.0,805.0,842.0,679.0,520.0,643.0,913.0,616.0,724.0,729.0,773.0,529.0,809.0,493.0,676.0,547.0,601.0,667.0,534.0,618.0,517.0,492.0,480.0,534.0,497.0,488.0,459.0,542.0,542.0,425.0,438.0,492.0,438.0,459.0,467.0,438.0,421.0,405.0,
Place Kill Iter: 23:10;5:5;11:15;28:30;26:40;1:20;7:25;2:35;
Elapsed Time (ms):57312
++++++ Test succeeded.
Starting [TestKillMultiplePlaces]   maxIterations=64 killPeriod=100 killedPercentage=0.5 enableConflict=true
Killing Place(23)
Killing Place(11)
Killing Place(5)
Killing Place(28)
Killing Place(26)
Killing Place(1)
Place(16) [MigrationHandler] Invalid migration handler exception[null]
Starting [TestKillMultiplePlaces]   maxIterations=64 killPeriod=100 killedPercentage=0.5 enableConflict=true
Killing Place(5)
Killing Place(23)
Killing Place(28)
Killing Place(11)
Killing Place(26)
Killing Place(7)
Killing Place(1)
Killing Place(2)
AverageTime: 940.0,902.0,801.0,923.0,1064.0,766.0,924.0,733.0,682.0,730.0,691.0,1195.0,815.0,758.0,678.0,663.0,1164.0,618.0,673.0,663.0,669.0,561.0,1087.0,565.0,529.0,716.0,742.0,794.0,827.0,534.0,512.0,693.0,851.0,797.0,535.0,673.0,817.0,585.0,657.0,529.0,701.0,542.0,555.0,530.0,726.0,497.0,438.0,517.0,522.0,634.0,705.0,501.0,530.0,542.0,517.0,484.0,467.0,634.0,501.0,434.0,530.0,509.0,438.0,451.0,
Place Kill Iter: 5:5;23:10;28:30;11:15;26:40;7:25;1:20;2:35;
Elapsed Time (ms):56320
++++++ Test succeeded.
Starting [TestKillMultiplePlaces]   maxIterations=64 killPeriod=100 killedPercentage=0.5 enableConflict=true
Killing Place(5)
Killing Place(23)
Killing Place(28)
Killing Place(11)
Killing Place(26)
Killing Place(7)
Killing Place(1)
Killing Place(2)
AverageTime: 1304.0,1117.0,1039.0,1036.0,1471.0,837.0,866.0,756.0,830.0,1383.0,1098.0,574.0,965.0,941.0,741.0,818.0,736.0,684.0,677.0,794.0,722.0,762.0,576.0,612.0,812.0,768.0,697.0,694.0,801.0,697.0,555.0,597.0,581.0,632.0,543.0,629.0,573.0,509.0,609.0,577.0,885.0,513.0,651.0,543.0,563.0,505.0,534.0,488.0,501.0,484.0,446.0,472.0,484.0,517.0,517.0,438.0,455.0,538.0,413.0,426.0,438.0,434.0,497.0,438.0,
Place Kill Iter: 5:5;23:10;28:30;11:15;26:40;7:25;1:20;2:35;
Elapsed Time (ms):58739
++++++ Test succeeded.
Starting [TestKillMultiplePlaces]   maxIterations=64 killPeriod=100 killedPercentage=0.5 enableConflict=true
Killing Place(23)
Killing Place(5)
Killing Place(28)
Killing Place(11)
Killing Place(1)
Killing Place(26)
Killing Place(7)
Killing Place(2)
AverageTime: 1179.0,961.0,1236.0,1177.0,908.0,898.0,617.0,817.0,798.0,743.0,908.0,801.0,651.0,714.0,831.0,725.0,1001.0,643.0,697.0,549.0,583.0,898.0,805.0,644.0,767.0,616.0,801.0,645.0,516.0,467.0,670.0,786.0,782.0,435.0,724.0,673.0,645.0,641.0,577.0,641.0,484.0,505.0,609.0,513.0,463.0,538.0,713.0,480.0,505.0,568.0,488.0,455.0,517.0,555.0,551.0,497.0,434.0,517.0,483.0,497.0,426.0,409.0,426.0,455.0,
Place Kill Iter: 23:10;5:5;28:30;11:15;1:20;26:40;7:25;2:35;
Elapsed Time (ms):57801
++++++ Test succeeded.
Starting [TestKillMultiplePlaces]   maxIterations=64 killPeriod=100 killedPercentage=0.5 enableConflict=true
Killing Place(5)
Killing Place(23)
Killing Place(28)
Killing Place(11)
Killing Place(26)
Killing Place(7)
Killing Place(1)
Killing Place(2)
AverageTime: 1204.0,1117.0,1046.0,1058.0,1039.0,730.0,691.0,1227.0,1056.0,982.0,661.0,804.0,988.0,1239.0,1002.0,808.0,867.0,970.0,877.0,832.0,873.0,833.0,544.0,769.0,723.0,964.0,623.0,868.0,553.0,764.0,701.0,543.0,601.0,582.0,724.0,605.0,785.0,849.0,641.0,593.0,559.0,522.0,651.0,597.0,609.0,743.0,572.0,517.0,476.0,471.0,471.0,555.0,593.0,526.0,576.0,467.0,455.0,434.0,555.0,471.0,405.0,426.0,401.0,484.0,
Place Kill Iter: 5:5;23:10;28:30;11:15;26:40;7:25;1:20;2:35;
Elapsed Time (ms):63419
++++++ Test succeeded.
Starting [TestKillMultiplePlaces]   maxIterations=64 killPeriod=100 killedPercentage=0.5 enableConflict=true
Killing Place(23)
