Starting [TestKillMultiplePlaces]   maxIterations=128 killPeriod=100 killedPercentage=0.5 enableConflict=true
Killing Place(63)
Killing Place(58)
Killing Place(51)
Killing Place(56)
Killing Place(42)
Killing Place(43)
Killing Place(53)
Killing Place(16)
Killing Place(40)
Killing Place(30)
Killing Place(27)
Killing Place(26)
Killing Place(2)
Killing Place(10)
Killing Place(4)
Killing Place(13)
Starting [TestKillMultiplePlaces]   maxIterations=128 killPeriod=100 killedPercentage=0.5 enableConflict=true
Killing Place(63)
Killing Place(58)
Killing Place(56)
Killing Place(51)
Killing Place(42)
Killing Place(53)
Killing Place(43)
Killing Place(40)
Killing Place(16)
Killing Place(30)
Killing Place(27)
Killing Place(10)
Place(32) [MigrationHandler] Invalid migration handler exception[null]
Killing Place(2)
Place(32) [MigrationHandler] Invalid migration handler exception[null]
Killing Place(26)
Place(32) [MigrationHandler] Invalid migration handler exception[null]
Starting [TestKillMultiplePlaces]   maxIterations=128 killPeriod=100 killedPercentage=0.5 enableConflict=true
Killing Place(63)
Killing Place(58)
Killing Place(42)
Killing Place(56)
Killing Place(51)
Killing Place(53)
Killing Place(43)
Killing Place(40)
Killing Place(16)
Killing Place(30)
Killing Place(27)
Killing Place(10)
Killing Place(4)
Killing Place(2)
Killing Place(26)
Killing Place(13)
AverageTime: 2631.0,1667.0,2051.0,2246.0,2141.0,1426.0,1747.0,1615.0,1933.0,1725.0,1546.0,1703.0,2327.0,1509.0,1467.0,1586.0,1621.0,2040.0,2402.0,1586.0,1634.0,1537.0,1212.0,1579.0,1367.0,1124.0,1001.0,1210.0,1689.0,1573.0,1775.0,1373.0,1404.0,1193.0,1233.0,1297.0,1544.0,1224.0,1237.0,1068.0,1105.0,1119.0,1086.0,939.0,1291.0,1082.0,967.0,1129.0,1003.0,1036.0,944.0,942.0,1050.0,829.0,890.0,1028.0,935.0,1067.0,657.0,939.0,942.0,932.0,826.0,867.0,774.0,1009.0,1107.0,856.0,683.0,644.0,779.0,691.0,757.0,823.0,593.0,721.0,958.0,658.0,576.0,801.0,670.0,590.0,603.0,599.0,636.0,672.0,549.0,711.0,474.0,511.0,609.0,601.0,586.0,569.0,544.0,496.0,557.0,586.0,511.0,584.0,542.0,453.0,532.0,515.0,574.0,474.0,576.0,628.0,567.0,517.0,488.0,565.0,501.0,494.0,463.0,530.0,465.0,499.0,499.0,474.0,457.0,463.0,444.0,474.0,438.0,407.0,455.0,446.0,
Place Kill Iter: 63:5;58:10;42:15;56:30;51:25;53:70;43:50;40:65;16:20;30:60;27:55;10:45;4:40;2:35;26:80;13:75;
Elapsed Time (ms):185530
++++++ Test succeeded.
Starting [TestKillMultiplePlaces]   maxIterations=128 killPeriod=100 killedPercentage=0.5 enableConflict=true
Killing Place(63)
Killing Place(58)
Killing Place(51)
Killing Place(56)
Killing Place(42)
Killing Place(43)
Killing Place(53)
Starting [TestKillMultiplePlaces]   maxIterations=128 killPeriod=100 killedPercentage=0.5 enableConflict=true
Killing Place(63)
Killing Place(58)
Killing Place(42)
Killing Place(56)
Killing Place(51)
Killing Place(53)
Killing Place(16)
Killing Place(43)
Killing Place(40)
Killing Place(27)
Killing Place(30)
Killing Place(4)
Place(32) [MigrationHandler] Invalid migration handler exception[null]
Killing Place(2)
Place(32) [MigrationHandler] Invalid migration handler exception[null]
Killing Place(13)
