Starting [TestKillMultiplePlaces]   maxIterations=64 killPeriod=100 killedPercentage=0.5 enableConflict=false
Killing Place(5)
Killing Place(23)
Killing Place(11)
Killing Place(1)
Killing Place(7)
Killing Place(28)
Killing Place(2)
Killing Place(26)
AverageTime: 399.0,400.0,401.0,400.0,401.0,444.0,414.0,400.0,401.0,404.0,414.0,414.0,414.0,411.0,404.0,411.0,414.0,421.0,404.0,404.0,479.0,422.0,408.0,408.0,429.0,419.0,404.0,404.0,401.0,412.0,439.0,416.0,416.0,420.0,416.0,405.0,404.0,409.0,408.0,417.0,421.0,413.0,417.0,405.0,404.0,409.0,413.0,401.0,400.0,405.0,400.0,405.0,405.0,401.0,401.0,405.0,400.0,405.0,400.0,401.0,405.0,401.0,400.0,401.0,
Place Kill Iter: 5:5;23:10;11:15;1:20;7:25;28:30;2:35;26:40;
Elapsed Time (ms):27353
++++++ Test succeeded.
Starting [TestKillMultiplePlaces]   maxIterations=64 killPeriod=100 killedPercentage=0.5 enableConflict=false
Killing Place(5)
Killing Place(23)
Killing Place(11)
Killing Place(1)
Killing Place(7)
Killing Place(28)
Killing Place(2)
Killing Place(26)
AverageTime: 402.0,400.0,401.0,401.0,401.0,420.0,397.0,398.0,404.0,398.0,397.0,424.0,394.0,404.0,420.0,414.0,407.0,407.0,397.0,414.0,415.0,397.0,397.0,404.0,404.0,482.0,400.0,404.0,419.0,415.0,443.0,400.0,404.0,393.0,397.0,401.0,428.0,401.0,401.0,405.0,392.0,409.0,405.0,397.0,405.0,392.0,405.0,409.0,400.0,396.0,396.0,392.0,392.0,392.0,396.0,392.0,392.0,392.0,392.0,392.0,392.0,392.0,392.0,392.0,
Place Kill Iter: 5:5;23:10;11:15;1:20;7:25;28:30;2:35;26:40;
Elapsed Time (ms):27334
++++++ Test succeeded.
Starting [TestKillMultiplePlaces]   maxIterations=64 killPeriod=100 killedPercentage=0.5 enableConflict=false
Killing Place(5)
Killing Place(23)
Killing Place(11)
Killing Place(1)
Killing Place(7)
Killing Place(28)
Killing Place(2)
Killing Place(26)
AverageTime: 402.0,401.0,401.0,401.0,401.0,439.0,401.0,404.0,417.0,400.0,407.0,454.0,414.0,417.0,424.0,414.0,407.0,414.0,404.0,400.0,422.0,408.0,415.0,418.0,425.0,401.0,408.0,412.0,430.0,404.0,435.0,408.0,408.0,412.0,408.0,448.0,413.0,404.0,401.0,408.0,451.0,409.0,400.0,405.0,405.0,405.0,405.0,401.0,413.0,409.0,401.0,405.0,401.0,405.0,405.0,400.0,401.0,400.0,401.0,417.0,405.0,400.0,401.0,400.0,
Place Kill Iter: 5:5;23:10;11:15;1:20;7:25;28:30;2:35;26:40;
Elapsed Time (ms):27378
++++++ Test succeeded.
Starting [TestKillMultiplePlaces]   maxIterations=64 killPeriod=100 killedPercentage=0.5 enableConflict=false
Killing Place(5)
Killing Place(23)
Killing Place(11)
Killing Place(1)
Killing Place(7)
Killing Place(28)
Killing Place(2)
Killing Place(26)
AverageTime: 402.0,401.0,401.0,401.0,401.0,428.0,401.0,397.0,394.0,394.0,407.0,424.0,404.0,401.0,421.0,414.0,401.0,400.0,418.0,411.0,422.0,408.0,400.0,415.0,411.0,404.0,404.0,397.0,401.0,393.0,408.0,401.0,404.0,393.0,439.0,408.0,397.0,397.0,404.0,409.0,396.0,405.0,409.0,392.0,396.0,396.0,396.0,396.0,392.0,392.0,396.0,392.0,392.0,392.0,392.0,405.0,396.0,392.0,396.0,392.0,400.0,392.0,392.0,392.0,
Place Kill Iter: 5:5;23:10;11:15;1:20;7:25;28:30;2:35;26:40;
Elapsed Time (ms):27469
++++++ Test succeeded.
Starting [TestKillMultiplePlaces]   maxIterations=64 killPeriod=100 killedPercentage=0.5 enableConflict=false
Killing Place(5)
Killing Place(23)
Killing Place(11)
Killing Place(1)
Killing Place(7)
Killing Place(28)
Killing Place(2)
Killing Place(26)
AverageTime: 402.0,401.0,401.0,401.0,401.0,430.0,417.0,404.0,401.0,404.0,414.0,414.0,421.0,407.0,434.0,449.0,411.0,401.0,407.0,404.0,450.0,408.0,418.0,411.0,411.0,404.0,423.0,411.0,404.0,438.0,404.0,405.0,416.0,435.0,420.0,433.0,416.0,429.0,412.0,425.0,425.0,426.0,409.0,409.0,401.0,409.0,405.0,405.0,401.0,400.0,401.0,409.0,401.0,400.0,405.0,405.0,405.0,400.0,401.0,400.0,401.0,400.0,401.0,401.0,
Place Kill Iter: 5:5;23:10;11:15;1:20;7:25;28:30;2:35;26:40;
Elapsed Time (ms):27730
++++++ Test succeeded.
Starting [TestKillMultiplePlaces]   maxIterations=64 killPeriod=100 killedPercentage=0.5 enableConflict=false
Killing Place(5)
Killing Place(23)
Killing Place(11)
Killing Place(1)
Killing Place(7)
Killing Place(28)
Killing Place(2)
Killing Place(26)
AverageTime: 403.0,400.0,401.0,401.0,401.0,417.0,404.0,404.0,400.0,417.0,417.0,407.0,407.0,417.0,404.0,425.0,404.0,414.0,404.0,414.0,400.0,411.0,404.0,404.0,404.0,408.0,412.0,427.0,430.0,401.0,481.0,416.0,412.0,404.0,439.0,409.0,405.0,417.0,405.0,405.0,401.0,442.0,405.0,405.0,396.0,392.0,396.0,396.0,405.0,396.0,401.0,392.0,405.0,392.0,392.0,400.0,392.0,392.0,392.0,392.0,392.0,392.0,392.0,392.0,
Place Kill Iter: 5:5;23:10;11:15;1:20;7:25;28:30;2:35;26:40;
Elapsed Time (ms):27072
++++++ Test succeeded.
Starting [TestKillMultiplePlaces]   maxIterations=64 killPeriod=100 killedPercentage=0.5 enableConflict=false
Killing Place(5)
Killing Place(23)
Killing Place(11)
Killing Place(1)
Killing Place(7)
Killing Place(28)
Killing Place(2)
Killing Place(26)
AverageTime: 402.0,401.0,401.0,400.0,401.0,420.0,410.0,401.0,410.0,414.0,424.0,411.0,407.0,411.0,404.0,404.0,435.0,414.0,418.0,408.0,433.0,418.0,415.0,408.0,408.0,441.0,412.0,401.0,412.0,434.0,416.0,420.0,408.0,416.0,404.0,413.0,408.0,413.0,404.0,421.0,405.0,447.0,409.0,409.0,409.0,413.0,401.0,401.0,400.0,405.0,405.0,405.0,405.0,401.0,413.0,405.0,400.0,401.0,400.0,401.0,409.0,401.0,405.0,401.0,
Place Kill Iter: 5:5;23:10;11:15;1:20;7:25;28:30;2:35;26:40;
Elapsed Time (ms):27341
++++++ Test succeeded.
Starting [TestKillMultiplePlaces]   maxIterations=64 killPeriod=100 killedPercentage=0.5 enableConflict=false
Killing Place(5)
Killing Place(23)
Killing Place(11)
Killing Place(1)
Killing Place(7)
Killing Place(28)
Killing Place(2)
Killing Place(26)
AverageTime: 402.0,401.0,401.0,401.0,400.0,464.0,404.0,407.0,401.0,410.0,411.0,424.0,411.0,414.0,417.0,414.0,411.0,411.0,407.0,407.0,440.0,408.0,411.0,415.0,419.0,415.0,412.0,401.0,415.0,401.0,451.0,408.0,404.0,428.0,400.0,425.0,404.0,413.0,412.0,425.0,459.0,417.0,417.0,401.0,405.0,401.0,401.0,409.0,405.0,405.0,401.0,400.0,401.0,401.0,400.0,401.0,405.0,401.0,401.0,401.0,405.0,401.0,400.0,401.0,
Place Kill Iter: 5:5;23:10;11:15;1:20;7:25;28:30;2:35;26:40;
Elapsed Time (ms):27405
++++++ Test succeeded.
Starting [TestKillMultiplePlaces]   maxIterations=64 killPeriod=100 killedPercentage=0.5 enableConflict=false
Killing Place(5)
Killing Place(23)
Killing Place(11)
Killing Place(1)
Killing Place(7)
Killing Place(28)
Killing Place(2)
Killing Place(26)
