Starting [TestKillMultiplePlaces]   maxIterations=128 killPeriod=100 killedPercentage=0.5 enableConflict=false
Killing Place(63)
Killing Place(58)
Killing Place(42)
Killing Place(16)
Killing Place(51)
Killing Place(56)
Killing Place(2)
Killing Place(4)
Killing Place(10)
Killing Place(43)
Killing Place(27)
Killing Place(30)
Killing Place(40)
Killing Place(53)
Killing Place(13)
Killing Place(26)
AverageTime: 402.0,401.0,400.0,401.0,401.0,401.0,401.0,400.0,401.0,401.0,401.0,400.0,401.0,400.0,401.0,400.0,401.0,400.0,401.0,400.0,401.0,400.0,401.0,400.0,401.0,401.0,401.0,401.0,401.0,401.0,401.0,404.0,400.0,402.0,402.0,407.0,404.0,404.0,405.0,410.0,420.0,407.0,409.0,402.0,412.0,412.0,400.0,404.0,411.0,416.0,426.0,411.0,411.0,404.0,407.0,404.0,430.0,407.0,407.0,404.0,452.0,404.0,415.0,402.0,411.0,418.0,422.0,406.0,404.0,400.0,417.0,411.0,408.0,404.0,412.0,413.0,408.0,404.0,406.0,406.0,404.0,433.0,410.0,400.0,406.0,416.0,406.0,402.0,410.0,416.0,430.0,408.0,404.0,406.0,403.0,409.0,417.0,407.0,404.0,423.0,413.0,423.0,405.0,403.0,409.0,419.0,407.0,407.0,417.0,405.0,403.0,407.0,403.0,405.0,405.0,401.0,401.0,403.0,403.0,400.0,403.0,403.0,409.0,405.0,401.0,403.0,403.0,400.0,
Place Kill Iter: 63:30;58:35;42:40;16:45;51:50;56:55;2:60;4:65;10:70;43:75;27:80;30:85;40:90;53:95;13:100;26:105;
Elapsed Time (ms):53295
++++++ Test succeeded.
Starting [TestKillMultiplePlaces]   maxIterations=128 killPeriod=100 killedPercentage=0.5 enableConflict=false
Killing Place(63)
Killing Place(58)
Killing Place(42)
Killing Place(16)
Killing Place(51)
Killing Place(56)
Killing Place(2)
Killing Place(4)
Killing Place(10)
Killing Place(43)
Killing Place(27)
Killing Place(30)
Killing Place(40)
Killing Place(53)
Killing Place(13)
Killing Place(26)
AverageTime: 402.0,399.0,399.0,401.0,401.0,401.0,400.0,401.0,401.0,401.0,401.0,401.0,401.0,400.0,401.0,401.0,400.0,401.0,401.0,401.0,401.0,401.0,401.0,401.0,401.0,401.0,400.0,401.0,401.0,401.0,405.0,402.0,401.0,402.0,405.0,413.0,407.0,407.0,409.0,412.0,409.0,412.0,404.0,402.0,405.0,432.0,420.0,407.0,404.0,414.0,412.0,407.0,406.0,407.0,416.0,414.0,411.0,409.0,408.0,404.0,422.0,413.0,411.0,406.0,416.0,406.0,411.0,406.0,406.0,404.0,411.0,419.0,410.0,408.0,406.0,408.0,406.0,404.0,406.0,408.0,414.0,406.0,406.0,408.0,404.0,408.0,408.0,402.0,408.0,404.0,420.0,403.0,402.0,401.0,402.0,417.0,401.0,403.0,400.0,403.0,407.0,401.0,407.0,417.0,413.0,426.0,403.0,399.0,396.0,401.0,398.0,403.0,398.0,401.0,398.0,403.0,398.0,401.0,403.0,396.0,405.0,398.0,405.0,396.0,396.0,396.0,398.0,396.0,
Place Kill Iter: 63:30;58:35;42:40;16:45;51:50;56:55;2:60;4:65;10:70;43:75;27:80;30:85;40:90;53:95;13:100;26:105;
Elapsed Time (ms):53277
++++++ Test succeeded.
Starting [TestKillMultiplePlaces]   maxIterations=128 killPeriod=100 killedPercentage=0.5 enableConflict=false
Killing Place(63)
Killing Place(58)
Killing Place(42)
Killing Place(16)
Killing Place(51)
Killing Place(56)
Killing Place(2)
Killing Place(4)
Killing Place(10)
Killing Place(43)
Killing Place(27)
Killing Place(30)
Killing Place(40)
Killing Place(53)
Killing Place(13)
Killing Place(26)
AverageTime: 402.0,398.0,397.0,398.0,397.0,398.0,397.0,398.0,397.0,397.0,398.0,394.0,394.0,394.0,394.0,394.0,394.0,394.0,394.0,395.0,394.0,393.0,394.0,395.0,394.0,394.0,394.0,394.0,394.0,394.0,404.0,394.0,397.0,396.0,396.0,414.0,396.0,401.0,397.0,401.0,433.0,399.0,399.0,401.0,399.0,399.0,424.0,396.0,397.0,399.0,429.0,409.0,395.0,395.0,406.0,404.0,395.0,401.0,401.0,395.0,397.0,393.0,399.0,411.0,395.0,400.0,402.0,406.0,408.0,413.0,411.0,395.0,404.0,397.0,408.0,402.0,401.0,397.0,401.0,400.0,406.0,399.0,399.0,395.0,396.0,402.0,412.0,402.0,395.0,397.0,395.0,403.0,400.0,414.0,408.0,407.0,397.0,396.0,395.0,395.0,397.0,408.0,417.0,404.0,397.0,417.0,402.0,400.0,396.0,394.0,400.0,400.0,396.0,392.0,394.0,392.0,401.0,394.0,392.0,392.0,394.0,392.0,392.0,396.0,392.0,394.0,392.0,394.0,
Place Kill Iter: 63:30;58:35;42:40;16:45;51:50;56:55;2:60;4:65;10:70;43:75;27:80;30:85;40:90;53:95;13:100;26:105;
Elapsed Time (ms):53169
++++++ Test succeeded.
Starting [TestKillMultiplePlaces]   maxIterations=128 killPeriod=100 killedPercentage=0.5 enableConflict=false
Killing Place(63)
Killing Place(58)
Killing Place(42)
Killing Place(16)
Killing Place(51)
Killing Place(56)
Killing Place(2)
Killing Place(4)
Killing Place(10)
Killing Place(43)
Killing Place(27)
Killing Place(30)
Killing Place(40)
Killing Place(53)
Killing Place(13)
Killing Place(26)
AverageTime: 402.0,401.0,401.0,401.0,401.0,401.0,401.0,398.0,397.0,398.0,397.0,397.0,397.0,398.0,397.0,397.0,397.0,397.0,397.0,397.0,397.0,397.0,397.0,397.0,397.0,398.0,397.0,397.0,397.0,398.0,402.0,399.0,397.0,400.0,404.0,418.0,401.0,399.0,400.0,402.0,430.0,399.0,402.0,397.0,402.0,402.0,407.0,404.0,404.0,400.0,418.0,402.0,404.0,404.0,407.0,409.0,407.0,409.0,402.0,402.0,404.0,404.0,408.0,401.0,404.0,413.0,449.0,406.0,399.0,399.0,411.0,402.0,402.0,406.0,410.0,434.0,408.0,401.0,404.0,412.0,406.0,406.0,404.0,406.0,399.0,410.0,404.0,402.0,404.0,399.0,406.0,403.0,402.0,403.0,402.0,418.0,403.0,401.0,407.0,407.0,407.0,407.0,411.0,407.0,413.0,413.0,403.0,398.0,403.0,405.0,405.0,398.0,404.0,400.0,401.0,396.0,405.0,396.0,403.0,396.0,396.0,396.0,396.0,396.0,398.0,396.0,398.0,398.0,
Place Kill Iter: 63:30;58:35;42:40;16:45;51:50;56:55;2:60;4:65;10:70;43:75;27:80;30:85;40:90;53:95;13:100;26:105;
Elapsed Time (ms):53194
++++++ Test succeeded.
Starting [TestKillMultiplePlaces]   maxIterations=128 killPeriod=100 killedPercentage=0.5 enableConflict=false
Killing Place(63)
Killing Place(58)
Killing Place(42)
Killing Place(16)
Place(32) [MigrationHandler] Invalid migration handler exception[null]
Place(32) [MigrationHandler] Invalid migration handler exception[null]
Killing Place(51)
Place(32) [MigrationHandler] Invalid migration handler exception[null]
