Starting [TestKillMultiplePlaces]   maxIterations=32 killPeriod=100 killedPercentage=0.5 enableConflict=true
Killing Place(15)
Killing Place(7)
Killing Place(8)
Killing Place(5)
AverageTime: 453.0,401.0,576.0,576.0,551.0,508.0,574.0,461.0,587.0,461.0,465.0,515.0,837.0,708.0,501.0,601.0,493.0,524.0,547.0,724.0,601.0,509.0,459.0,751.0,518.0,609.0,434.0,492.0,467.0,434.0,401.0,400.0,
Place Kill Iter: 15:5;7:10;8:20;5:15;
Elapsed Time (ms):20225
++++++ Test succeeded.
Starting [TestKillMultiplePlaces]   maxIterations=32 killPeriod=100 killedPercentage=0.5 enableConflict=true
Killing Place(15)
Killing Place(7)
Killing Place(5)
Killing Place(8)
AverageTime: 578.0,526.0,425.0,476.0,526.0,694.0,528.0,648.0,848.0,728.0,622.0,494.0,465.0,501.0,515.0,531.0,501.0,709.0,616.0,855.0,484.0,534.0,442.0,476.0,401.0,426.0,584.0,401.0,434.0,517.0,501.0,409.0,
Place Kill Iter: 15:5;7:10;5:15;8:20;
Elapsed Time (ms):22538
++++++ Test succeeded.
Starting [TestKillMultiplePlaces]   maxIterations=32 killPeriod=100 killedPercentage=0.5 enableConflict=true
Killing Place(15)
Killing Place(7)
Killing Place(5)
Killing Place(8)
AverageTime: 652.0,589.0,601.0,551.0,426.0,460.0,548.0,794.0,928.0,601.0,465.0,608.0,629.0,651.0,501.0,585.0,747.0,531.0,732.0,724.0,459.0,400.0,467.0,434.0,401.0,559.0,434.0,409.0,434.0,476.0,492.0,401.0,
Place Kill Iter: 15:5;7:10;5:15;8:20;
Elapsed Time (ms):23554
++++++ Test succeeded.
Starting [TestKillMultiplePlaces]   maxIterations=32 killPeriod=100 killedPercentage=0.5 enableConflict=true
Killing Place(15)
Killing Place(7)
Killing Place(5)
Killing Place(8)
AverageTime: 478.0,526.0,626.0,626.0,701.0,561.0,481.0,581.0,721.0,714.0,601.0,522.0,629.0,1073.0,715.0,501.0,662.0,616.0,493.0,493.0,1026.0,559.0,409.0,443.0,434.0,417.0,484.0,401.0,534.0,517.0,400.0,400.0,
Place Kill Iter: 15:5;7:10;5:15;8:20;
Elapsed Time (ms):24229
++++++ Test succeeded.
Starting [TestKillMultiplePlaces]   maxIterations=32 killPeriod=100 killedPercentage=0.5 enableConflict=true
Killing Place(15)
Killing Place(7)
Killing Place(5)
Killing Place(8)
AverageTime: 528.0,726.0,676.0,513.0,551.0,474.0,562.0,628.0,461.0,661.0,458.0,687.0,715.0,529.0,680.0,716.0,732.0,832.0,601.0,547.0,584.0,526.0,576.0,634.0,434.0,642.0,417.0,434.0,400.0,409.0,425.0,467.0,
Place Kill Iter: 15:5;7:10;5:15;8:20;
Elapsed Time (ms):22614
++++++ Test succeeded.
Starting [TestKillMultiplePlaces]   maxIterations=32 killPeriod=100 killedPercentage=0.5 enableConflict=true
Killing Place(15)
Killing Place(7)
Killing Place(5)
Killing Place(8)
AverageTime: 653.0,601.0,538.0,545.0,594.0,447.0,501.0,795.0,581.0,594.0,608.0,873.0,630.0,823.0,458.0,585.0,455.0,685.0,578.0,485.0,459.0,401.0,517.0,551.0,467.0,401.0,401.0,434.0,484.0,409.0,409.0,400.0,
Place Kill Iter: 15:5;7:10;5:15;8:20;
Elapsed Time (ms):24485
++++++ Test succeeded.
Starting [TestKillMultiplePlaces]   maxIterations=32 killPeriod=100 killedPercentage=0.5 enableConflict=true
Killing Place(15)
Killing Place(7)
Killing Place(5)
Killing Place(8)
AverageTime: 627.0,576.0,501.0,651.0,607.0,487.0,514.0,721.0,461.0,567.0,751.0,708.0,701.0,393.0,501.0,478.0,508.0,455.0,455.0,446.0,417.0,409.0,684.0,476.0,592.0,417.0,392.0,450.0,417.0,392.0,417.0,434.0,
Place Kill Iter: 15:5;7:10;5:15;8:20;
Elapsed Time (ms):21854
++++++ Test succeeded.
Starting [TestKillMultiplePlaces]   maxIterations=32 killPeriod=100 killedPercentage=0.5 enableConflict=true
Killing Place(15)
Killing Place(7)
Killing Place(8)
Killing Place(5)
AverageTime: 880.0,676.0,426.0,526.0,501.0,708.0,554.0,741.0,460.0,407.0,501.0,1259.0,501.0,1109.0,751.0,547.0,524.0,470.0,431.0,462.0,476.0,668.0,526.0,442.0,417.0,451.0,501.0,501.0,450.0,401.0,400.0,409.0,
Place Kill Iter: 15:5;7:10;8:20;5:15;
Elapsed Time (ms):25603
++++++ Test succeeded.
Starting [TestKillMultiplePlaces]   maxIterations=32 killPeriod=100 killedPercentage=0.5 enableConflict=true
Killing Place(15)
Killing Place(7)
Killing Place(5)
Killing Place(8)
AverageTime: 477.0,738.0,751.0,588.0,576.0,634.0,634.0,594.0,701.0,674.0,565.0,629.0,522.0,816.0,694.0,678.0,570.0,532.0,462.0,470.0,693.0,617.0,467.0,551.0,559.0,442.0,459.0,401.0,442.0,459.0,401.0,401.0,
Place Kill Iter: 15:5;7:10;5:15;8:20;
Elapsed Time (ms):24049
++++++ Test succeeded.
Starting [TestKillMultiplePlaces]   maxIterations=32 killPeriod=100 killedPercentage=0.5 enableConflict=true
Killing Place(15)
Killing Place(7)
Killing Place(5)
Killing Place(8)
AverageTime: 554.0,501.0,563.0,526.0,645.0,741.0,574.0,601.0,514.0,401.0,801.0,680.0,722.0,694.0,565.0,586.0,639.0,562.0,555.0,477.0,468.0,509.0,509.0,400.0,492.0,476.0,501.0,542.0,459.0,634.0,517.0,592.0,
Place Kill Iter: 15:5;7:10;5:15;8:20;
Elapsed Time (ms):22734
++++++ Test succeeded.
